#-----------------------------------------------------------
# Vivado v2015.2 (64-bit)
# SW Build 1266856 on Fri Jun 26 16:35:25 MDT 2015
# IP Build 1264090 on Wed Jun 24 14:22:01 MDT 2015
# Start of session at: Sun Oct 25 18:08:50 2015
# Process ID: 8255
# Log file: /home/whz/Projects/arch_lab/tmp/vivado.log
# Journal file: /home/whz/Projects/arch_lab/tmp/vivado.jou
#-----------------------------------------------------------
start_gui
open_project /home/whz/Projects/arch_lab/Project/single_cycle_misp32/single_cycle_misp32.xpr
launch_simulation
launch_simulation
launch_simulation
open_wave_config /home/whz/Projects/arch_lab/Project/single_cycle_misp32/mips_cpu_sim_behav.wcfg
source mips_cpu_sim.tcl
close_sim
launch_simulation
open_wave_config /home/whz/Projects/arch_lab/Project/single_cycle_misp32/mips_cpu_sim_behav.wcfg
source mips_cpu_sim.tcl
add_wave {{/mips_cpu_sim/cpu/IR}} 
add_wave {{/mips_cpu_sim/cpu/IR}} 
run all
add_wave {{/mips_cpu_sim/cpu/ctrl/Rd_byte_en_sel}} 
step
run all
report_drivers {/mips_cpu_sim/cpu/ctrl/Rd_byte_en_sel}
add_wave {{/mips_cpu_sim/cpu/mem/i}} 
add_wave {{/mips_cpu_sim/cpu/regfile/Rd_addr}} {{/mips_cpu_sim/cpu/regfile/Rd_in}} 
save_wave_config {/home/whz/Projects/arch_lab/Project/single_cycle_misp32/mips_cpu_sim_behav.wcfg}
close_sim
launch_simulation
open_wave_config /home/whz/Projects/arch_lab/Project/single_cycle_misp32/mips_cpu_sim_behav.wcfg
source mips_cpu_sim.tcl
close_sim
launch_simulation
open_wave_config /home/whz/Projects/arch_lab/Project/single_cycle_misp32/mips_cpu_sim_behav.wcfg
source mips_cpu_sim.tcl
save_wave_config {/home/whz/Projects/arch_lab/Project/single_cycle_misp32/mips_cpu_sim_behav.wcfg}
close_sim
launch_simulation
open_wave_config /home/whz/Projects/arch_lab/Project/single_cycle_misp32/mips_cpu_sim_behav.wcfg
source mips_cpu_sim.tcl
close_sim
